C:\Users\Qiang Huang\projects\windows_canvas_rn\windows\CanvasReplay.cpp(104,48): error C3779: 'winrt::impl::consume_Windows_Foundation_Collections_IIterable<D,T>::begin': a function that returns 'auto' cannot be used before it is defined [C:\Users\Qiang Huang\projects\music_app_rn\windows\MoosiacRN\MoosiacRN.vcxproj]
C:\Users\Qiang Huang\projects\windows_canvas_rn\windows\CanvasReplay.cpp(104,48): error C3779:         with [C:\Users\Qiang Huang\projects\music_app_rn\windows\MoosiacRN\MoosiacRN.vcxproj]
C:\Users\Qiang Huang\projects\windows_canvas_rn\windows\CanvasReplay.cpp(104,48): error C3779:         [ [C:\Users\Qiang Huang\projects\music_app_rn\windows\MoosiacRN\MoosiacRN.vcxproj]
C:\Users\Qiang Huang\projects\windows_canvas_rn\windows\CanvasReplay.cpp(104,48): error C3779:             D=winrt::Windows::Data::Json::JsonArray, [C:\Users\Qiang Huang\projects\music_app_rn\windows\MoosiacRN\MoosiacRN.vcxproj]
C:\Users\Qiang Huang\projects\windows_canvas_rn\windows\CanvasReplay.cpp(104,48): error C3779:             T=winrt::Windows::Data::Json::IJsonValue [C:\Users\Qiang Huang\projects\music_app_rn\windows\MoosiacRN\MoosiacRN.vcxproj]
C:\Users\Qiang Huang\projects\windows_canvas_rn\windows\CanvasReplay.cpp(104,48): error C3779:         ] [C:\Users\Qiang Huang\projects\music_app_rn\windows\MoosiacRN\MoosiacRN.vcxproj]
C:\Users\Qiang Huang\projects\windows_canvas_rn\windows\CanvasReplay.cpp(104,48): error C3779: 'winrt::impl::consume_Windows_Foundation_Collections_IIterable<D,T>::end': a function that returns 'auto' cannot be used before it is defined [C:\Users\Qiang Huang\projects\music_app_rn\windows\MoosiacRN\MoosiacRN.vcxproj]
C:\Users\Qiang Huang\projects\windows_canvas_rn\windows\CanvasReplay.cpp(104,48): error C3779:         with [C:\Users\Qiang Huang\projects\music_app_rn\windows\MoosiacRN\MoosiacRN.vcxproj]
C:\Users\Qiang Huang\projects\windows_canvas_rn\windows\CanvasReplay.cpp(104,48): error C3779:         [ [C:\Users\Qiang Huang\projects\music_app_rn\windows\MoosiacRN\MoosiacRN.vcxproj]
C:\Users\Qiang Huang\projects\windows_canvas_rn\windows\CanvasReplay.cpp(104,48): error C3779:             D=winrt::Windows::Data::Json::JsonArray, [C:\Users\Qiang Huang\projects\music_app_rn\windows\MoosiacRN\MoosiacRN.vcxproj]
C:\Users\Qiang Huang\projects\windows_canvas_rn\windows\CanvasReplay.cpp(104,48): error C3779:             T=winrt::Windows::Data::Json::IJsonValue [C:\Users\Qiang Huang\projects\music_app_rn\windows\MoosiacRN\MoosiacRN.vcxproj]
C:\Users\Qiang Huang\projects\windows_canvas_rn\windows\CanvasReplay.cpp(104,48): error C3779:         ] [C:\Users\Qiang Huang\projects\music_app_rn\windows\MoosiacRN\MoosiacRN.vcxproj]
C:\Users\Qiang Huang\projects\windows_canvas_rn\windows\CanvasReplay.cpp(104,48): error C3536: '<begin>$L1': cannot be used before it is initialized [C:\Users\Qiang Huang\projects\music_app_rn\windows\MoosiacRN\MoosiacRN.vcxproj]
C:\Users\Qiang Huang\projects\windows_canvas_rn\windows\CanvasReplay.cpp(104,48): error C3536: '<end>$L1': cannot be used before it is initialized [C:\Users\Qiang Huang\projects\music_app_rn\windows\MoosiacRN\MoosiacRN.vcxproj]
C:\Users\Qiang Huang\projects\windows_canvas_rn\windows\CanvasReplay.cpp(104,56): error C2100: you cannot dereference an operand of type '<error>' [C:\Users\Qiang Huang\projects\music_app_rn\windows\MoosiacRN\MoosiacRN.vcxproj]
C:\Users\Qiang Huang\projects\windows_canvas_rn\windows\CanvasReplay.cpp(105,48): error C3779: 'winrt::impl::consume_Windows_Foundation_Collections_IIterable<D,T>::begin': a function that returns 'auto' cannot be used before it is defined [C:\Users\Qiang Huang\projects\music_app_rn\windows\MoosiacRN\MoosiacRN.vcxproj]
C:\Users\Qiang Huang\projects\windows_canvas_rn\windows\CanvasReplay.cpp(105,48): error C3779:         with [C:\Users\Qiang Huang\projects\music_app_rn\windows\MoosiacRN\MoosiacRN.vcxproj]
C:\Users\Qiang Huang\projects\windows_canvas_rn\windows\CanvasReplay.cpp(105,48): error C3779:         [ [C:\Users\Qiang Huang\projects\music_app_rn\windows\MoosiacRN\MoosiacRN.vcxproj]
C:\Users\Qiang Huang\projects\windows_canvas_rn\windows\CanvasReplay.cpp(105,48): error C3779:             D=winrt::Windows::Data::Json::JsonArray, [C:\Users\Qiang Huang\projects\music_app_rn\windows\MoosiacRN\MoosiacRN.vcxproj]
C:\Users\Qiang Huang\projects\windows_canvas_rn\windows\CanvasReplay.cpp(105,48): error C3779:             T=winrt::Windows::Data::Json::IJsonValue [C:\Users\Qiang Huang\projects\music_app_rn\windows\MoosiacRN\MoosiacRN.vcxproj]
C:\Users\Qiang Huang\projects\windows_canvas_rn\windows\CanvasReplay.cpp(105,48): error C3779:         ] [C:\Users\Qiang Huang\projects\music_app_rn\windows\MoosiacRN\MoosiacRN.vcxproj]
C:\Users\Qiang Huang\projects\windows_canvas_rn\windows\CanvasReplay.cpp(105,48): error C3779: 'winrt::impl::consume_Windows_Foundation_Collections_IIterable<D,T>::end': a function that returns 'auto' cannot be used before it is defined [C:\Users\Qiang Huang\projects\music_app_rn\windows\MoosiacRN\MoosiacRN.vcxproj]
C:\Users\Qiang Huang\projects\windows_canvas_rn\windows\CanvasReplay.cpp(105,48): error C3779:         with [C:\Users\Qiang Huang\projects\music_app_rn\windows\MoosiacRN\MoosiacRN.vcxproj]
C:\Users\Qiang Huang\projects\windows_canvas_rn\windows\CanvasReplay.cpp(105,48): error C3779:         [ [C:\Users\Qiang Huang\projects\music_app_rn\windows\MoosiacRN\MoosiacRN.vcxproj]
C:\Users\Qiang Huang\projects\windows_canvas_rn\windows\CanvasReplay.cpp(105,48): error C3779:             D=winrt::Windows::Data::Json::JsonArray, [C:\Users\Qiang Huang\projects\music_app_rn\windows\MoosiacRN\MoosiacRN.vcxproj]
C:\Users\Qiang Huang\projects\windows_canvas_rn\windows\CanvasReplay.cpp(105,48): error C3779:             T=winrt::Windows::Data::Json::IJsonValue [C:\Users\Qiang Huang\projects\music_app_rn\windows\MoosiacRN\MoosiacRN.vcxproj]
C:\Users\Qiang Huang\projects\windows_canvas_rn\windows\CanvasReplay.cpp(105,48): error C3779:         ] [C:\Users\Qiang Huang\projects\music_app_rn\windows\MoosiacRN\MoosiacRN.vcxproj]
C:\Users\Qiang Huang\projects\windows_canvas_rn\windows\CanvasReplay.cpp(105,48): error C3536: '<begin>$L2': cannot be used before it is initialized [C:\Users\Qiang Huang\projects\music_app_rn\windows\MoosiacRN\MoosiacRN.vcxproj]
C:\Users\Qiang Huang\projects\windows_canvas_rn\windows\CanvasReplay.cpp(105,48): error C3536: '<end>$L2': cannot be used before it is initialized [C:\Users\Qiang Huang\projects\music_app_rn\windows\MoosiacRN\MoosiacRN.vcxproj]
C:\Users\Qiang Huang\projects\windows_canvas_rn\windows\CanvasReplay.cpp(105,60): error C2100: you cannot dereference an operand of type '<error>' [C:\Users\Qiang Huang\projects\music_app_rn\windows\MoosiacRN\MoosiacRN.vcxproj]
